
echo




rhobebou
stop barking
bonjour
bonjour
bonjour
bonjourbonjourbonjourbonjourbonjour-n-n bonjour
bonjour-n -n -n-n bonjour
-n '-n' bonjour
/Users/graux
~
~
~123
123~
/Users/graux/123
/Users/graux/123/456
graux
graux
'graux'
 'graux' 
textgraux
text'graux'  $USER 
text graux graux
              $USER          
text graux grauxtext
graux
graux
graux$USERtext oui oui oui oui graux oui graux 
graux  graux graux  graux  graux -n graux
 \  \
\"   ""
\" \" \" \"\"\" \'\'\'
grauxgrauxgraux
textgrauxtest
$USER graux text \' text
$USER
graux  
grauxUsers/graux/file'graux'$USER
grauxgrauxgraux
$USERgraux$USER
"$USER"$USERgraux
 graux  $PWD
 graux  $ $PWD
graux=4
graux=thallard
graux
0

graux2USERgraux=4
graux 23456789USER
graux 999USER 888USER 777USER
graux
graux graux
graux=12graux
USER 'graux=12'
/Users/graux/Documents/rank03/minishell/file
/Users/graux/Documents/rank03/minishell/file
text textgraux ... graux
/Users/graux/Documents/rank03/minishell
